 parsing level
 level loading success
 tilesize: 32
 width: 60
 height: 15
 parsing tilesets:
 tileset found
 firstgid: 1
 loading tileset: ../Files/XML/Stage1_BKOT.tsx
 tileset loading success
 parsing Tileset:
 tilewidth: 32
 tileheight: 32
 name: Stage1_BKOT
 columns: 0
 tilecount: 10
 entering loop for tilesets: 
 parsing Tileset finished
 setting UV positions:
 tileset pushed
 parsing tilesets finished
 texture loading ("") error in level: SDL_RWFromFile(): No file or no mode specified
 parsing layers
 Entering Layer loop:
 Layer found
 id: 2
 name: below
 raw text: {
 
   eJzt1d0KgCAMhuHZBGf3f8EpOBpDO+gg8mMHLwSyJxj9ZCLKk1LrWJy96S9enztHdr60BNDrc3UkCy9N7qexO0Pw+GH3MuJNPX12rFcWuyt0v0e7enrtvTrZo7UQPf99YFd4OJ7/T6B7fi688ML73ouwuwB1WxQd
  
 }
 filtering out whitespace characters...
 now text: {
 eJzt1d0KgCAMhuHZBGf3f8EpOBpDO+gg8mMHLwSyJxj9ZCLKk1LrWJy96S9enztHdr60BNDrc3UkCy9N7qexO0Pw+GH3MuJNPX12rFcWuyt0v0e7enrtvTrZo7UQPf99YFd4OJ7/T6B7fi688ML73ouwuwB1WxQd
 }
 decoding text
 making numGids = width * height * sizeof(int): 60 * 15 * 4
 uncompressing
 Layer found
 id: 1
 name: above
 raw text: {
 
   eJztzLEJAAAIwDBB9P+TfUM0ga6NAADYLZ/92K2fVTrdAMGrA8o=
  
 }
 filtering out whitespace characters...
 now text: {
 eJztzLEJAAAIwDBB9P+TfUM0ga6NAADYLZ/92K2fVTrdAMGrA8o=
 }
 decoding text
 making numGids = width * height * sizeof(int): 60 * 15 * 4
